// Jest Snapshot v1, https://goo.gl/fbAQLP

exports[`BulkManagementHistoryView component snapshot snapshot - loads heading from messages.BulkManagementHistoryView.heading, <BulkManagementAlerts />, <HistoryTable /> 1`] = `
<div
  className="bulk-management-history-view"
>
  <h4>
    <FormattedMessage
      defaultMessage="Lịch sử quản lý hàng loạt"
      description="Heading text for BulkManagement History Tab"
      id="gradebook.BulkManagementHistoryView.heading"
    />
  </h4>
  <p
    className="help-text"
  >
    <FormattedMessage
      defaultMessage="Bên dưới là nhật ký các lần nhập điểm trước đó. Để tải xuống file CSV của sổ điểm và nhập điểm để ghi đè, hãy quay lại Sổ điểm. Lưu ý, sau khi nhập điểm, có thể mất vài giây để xử lý việc ghi đè."
      description="Bulk Management History View help text"
      id="gradebook.BulkManagementHistoryView"
    />
  </p>
  <BulkManagementAlerts />
  <HistoryTable />
</div>
`;
